[2026-09-01T09:28:21.608+0000] {processor.py:161} INFO - Started process (PID=26) to work on /opt/airflow/dags/__init__.py
[2026-09-01T09:28:21.611+0000] {processor.py:830} INFO - Processing file /opt/airflow/dags/__init__.py for tasks to queue
[2026-09-01T09:28:21.622+0000] {logging_mixin.py:188} INFO - [2026-09-01T09:28:21.621+0000] {dagbag.py:545} INFO - Filling up the DagBag from /opt/airflow/dags/__init__.py
[2026-09-01T09:28:21.651+0000] {processor.py:842} WARNING - No viable dags retrieved from /opt/airflow/dags/__init__.py
[2026-09-01T09:28:21.738+0000] {processor.py:183} INFO - Processing /opt/airflow/dags/__init__.py took 0.142 seconds
[2026-09-01T09:28:53.745+0000] {processor.py:161} INFO - Started process (PID=30) to work on /opt/airflow/dags/__init__.py
[2026-09-01T09:28:53.753+0000] {processor.py:830} INFO - Processing file /opt/airflow/dags/__init__.py for tasks to queue
[2026-09-01T09:28:53.759+0000] {logging_mixin.py:188} INFO - [2026-09-01T09:28:53.757+0000] {dagbag.py:545} INFO - Filling up the DagBag from /opt/airflow/dags/__init__.py
[2026-09-01T09:28:53.793+0000] {processor.py:842} WARNING - No viable dags retrieved from /opt/airflow/dags/__init__.py
[2026-09-01T09:28:53.879+0000] {processor.py:183} INFO - Processing /opt/airflow/dags/__init__.py took 0.181 seconds
[2026-09-01T09:29:25.303+0000] {processor.py:161} INFO - Started process (PID=34) to work on /opt/airflow/dags/__init__.py
[2026-09-01T09:29:25.305+0000] {processor.py:830} INFO - Processing file /opt/airflow/dags/__init__.py for tasks to queue
[2026-09-01T09:29:25.310+0000] {logging_mixin.py:188} INFO - [2026-09-01T09:29:25.309+0000] {dagbag.py:545} INFO - Filling up the DagBag from /opt/airflow/dags/__init__.py
[2026-09-01T09:29:25.339+0000] {processor.py:842} WARNING - No viable dags retrieved from /opt/airflow/dags/__init__.py
[2026-09-01T09:29:25.376+0000] {processor.py:183} INFO - Processing /opt/airflow/dags/__init__.py took 0.088 seconds
[2026-09-01T09:29:55.821+0000] {processor.py:161} INFO - Started process (PID=38) to work on /opt/airflow/dags/__init__.py
[2026-09-01T09:29:55.824+0000] {processor.py:830} INFO - Processing file /opt/airflow/dags/__init__.py for tasks to queue
[2026-09-01T09:29:55.830+0000] {logging_mixin.py:188} INFO - [2026-09-01T09:29:55.829+0000] {dagbag.py:545} INFO - Filling up the DagBag from /opt/airflow/dags/__init__.py
[2026-09-01T09:29:55.848+0000] {processor.py:842} WARNING - No viable dags retrieved from /opt/airflow/dags/__init__.py
[2026-09-01T09:29:55.872+0000] {processor.py:183} INFO - Processing /opt/airflow/dags/__init__.py took 0.069 seconds
[2026-09-01T09:30:27.227+0000] {processor.py:161} INFO - Started process (PID=42) to work on /opt/airflow/dags/__init__.py
[2026-09-01T09:30:27.229+0000] {processor.py:830} INFO - Processing file /opt/airflow/dags/__init__.py for tasks to queue
[2026-09-01T09:30:27.232+0000] {logging_mixin.py:188} INFO - [2026-09-01T09:30:27.231+0000] {dagbag.py:545} INFO - Filling up the DagBag from /opt/airflow/dags/__init__.py
[2026-09-01T09:30:27.261+0000] {processor.py:842} WARNING - No viable dags retrieved from /opt/airflow/dags/__init__.py
[2026-09-01T09:30:27.300+0000] {processor.py:183} INFO - Processing /opt/airflow/dags/__init__.py took 0.088 seconds
[2026-09-01T09:30:58.779+0000] {processor.py:161} INFO - Started process (PID=46) to work on /opt/airflow/dags/__init__.py
[2026-09-01T09:30:58.781+0000] {processor.py:830} INFO - Processing file /opt/airflow/dags/__init__.py for tasks to queue
[2026-09-01T09:30:58.790+0000] {logging_mixin.py:188} INFO - [2026-09-01T09:30:58.787+0000] {dagbag.py:545} INFO - Filling up the DagBag from /opt/airflow/dags/__init__.py
[2026-09-01T09:30:58.810+0000] {processor.py:842} WARNING - No viable dags retrieved from /opt/airflow/dags/__init__.py
[2026-09-01T09:30:58.847+0000] {processor.py:183} INFO - Processing /opt/airflow/dags/__init__.py took 0.078 seconds
[2026-09-01T09:31:30.334+0000] {processor.py:161} INFO - Started process (PID=50) to work on /opt/airflow/dags/__init__.py
[2026-09-01T09:31:30.336+0000] {processor.py:830} INFO - Processing file /opt/airflow/dags/__init__.py for tasks to queue
[2026-09-01T09:31:30.341+0000] {logging_mixin.py:188} INFO - [2026-09-01T09:31:30.340+0000] {dagbag.py:545} INFO - Filling up the DagBag from /opt/airflow/dags/__init__.py
[2026-09-01T09:31:30.373+0000] {processor.py:842} WARNING - No viable dags retrieved from /opt/airflow/dags/__init__.py
[2026-09-01T09:31:30.423+0000] {processor.py:183} INFO - Processing /opt/airflow/dags/__init__.py took 0.107 seconds
[2026-09-01T09:32:01.358+0000] {processor.py:161} INFO - Started process (PID=54) to work on /opt/airflow/dags/__init__.py
[2026-09-01T09:32:01.361+0000] {processor.py:830} INFO - Processing file /opt/airflow/dags/__init__.py for tasks to queue
[2026-09-01T09:32:01.364+0000] {logging_mixin.py:188} INFO - [2026-09-01T09:32:01.364+0000] {dagbag.py:545} INFO - Filling up the DagBag from /opt/airflow/dags/__init__.py
[2026-09-01T09:32:01.391+0000] {processor.py:842} WARNING - No viable dags retrieved from /opt/airflow/dags/__init__.py
[2026-09-01T09:32:01.434+0000] {processor.py:183} INFO - Processing /opt/airflow/dags/__init__.py took 0.090 seconds
[2026-09-01T09:32:32.985+0000] {processor.py:161} INFO - Started process (PID=58) to work on /opt/airflow/dags/__init__.py
[2026-09-01T09:32:32.987+0000] {processor.py:830} INFO - Processing file /opt/airflow/dags/__init__.py for tasks to queue
[2026-09-01T09:32:32.991+0000] {logging_mixin.py:188} INFO - [2026-09-01T09:32:32.990+0000] {dagbag.py:545} INFO - Filling up the DagBag from /opt/airflow/dags/__init__.py
[2026-09-01T09:32:33.014+0000] {processor.py:842} WARNING - No viable dags retrieved from /opt/airflow/dags/__init__.py
[2026-09-01T09:32:33.046+0000] {processor.py:183} INFO - Processing /opt/airflow/dags/__init__.py took 0.074 seconds
[2026-09-01T09:33:04.509+0000] {processor.py:161} INFO - Started process (PID=62) to work on /opt/airflow/dags/__init__.py
[2026-09-01T09:33:04.514+0000] {processor.py:830} INFO - Processing file /opt/airflow/dags/__init__.py for tasks to queue
[2026-09-01T09:33:04.516+0000] {logging_mixin.py:188} INFO - [2026-09-01T09:33:04.516+0000] {dagbag.py:545} INFO - Filling up the DagBag from /opt/airflow/dags/__init__.py
[2026-09-01T09:33:04.537+0000] {processor.py:842} WARNING - No viable dags retrieved from /opt/airflow/dags/__init__.py
[2026-09-01T09:33:04.579+0000] {processor.py:183} INFO - Processing /opt/airflow/dags/__init__.py took 0.089 seconds
[2026-09-01T09:33:36.210+0000] {processor.py:161} INFO - Started process (PID=66) to work on /opt/airflow/dags/__init__.py
[2026-09-01T09:33:36.212+0000] {processor.py:830} INFO - Processing file /opt/airflow/dags/__init__.py for tasks to queue
[2026-09-01T09:33:36.214+0000] {logging_mixin.py:188} INFO - [2026-09-01T09:33:36.214+0000] {dagbag.py:545} INFO - Filling up the DagBag from /opt/airflow/dags/__init__.py
[2026-09-01T09:33:36.240+0000] {processor.py:842} WARNING - No viable dags retrieved from /opt/airflow/dags/__init__.py
[2026-09-01T09:33:36.277+0000] {processor.py:183} INFO - Processing /opt/airflow/dags/__init__.py took 0.078 seconds
[2026-09-01T09:34:07.986+0000] {processor.py:161} INFO - Started process (PID=70) to work on /opt/airflow/dags/__init__.py
[2026-09-01T09:34:07.989+0000] {processor.py:830} INFO - Processing file /opt/airflow/dags/__init__.py for tasks to queue
[2026-09-01T09:34:07.996+0000] {logging_mixin.py:188} INFO - [2026-09-01T09:34:07.994+0000] {dagbag.py:545} INFO - Filling up the DagBag from /opt/airflow/dags/__init__.py
[2026-09-01T09:34:08.024+0000] {processor.py:842} WARNING - No viable dags retrieved from /opt/airflow/dags/__init__.py
[2026-09-01T09:34:08.070+0000] {processor.py:183} INFO - Processing /opt/airflow/dags/__init__.py took 0.105 seconds
[2026-09-01T09:34:38.752+0000] {processor.py:161} INFO - Started process (PID=74) to work on /opt/airflow/dags/__init__.py
[2026-09-01T09:34:38.753+0000] {processor.py:830} INFO - Processing file /opt/airflow/dags/__init__.py for tasks to queue
[2026-09-01T09:34:38.755+0000] {logging_mixin.py:188} INFO - [2026-09-01T09:34:38.754+0000] {dagbag.py:545} INFO - Filling up the DagBag from /opt/airflow/dags/__init__.py
[2026-09-01T09:34:38.763+0000] {processor.py:842} WARNING - No viable dags retrieved from /opt/airflow/dags/__init__.py
[2026-09-01T09:34:38.779+0000] {processor.py:183} INFO - Processing /opt/airflow/dags/__init__.py took 0.036 seconds
[2026-09-01T09:35:09.401+0000] {processor.py:161} INFO - Started process (PID=78) to work on /opt/airflow/dags/__init__.py
[2026-09-01T09:35:09.403+0000] {processor.py:830} INFO - Processing file /opt/airflow/dags/__init__.py for tasks to queue
[2026-09-01T09:35:09.406+0000] {logging_mixin.py:188} INFO - [2026-09-01T09:35:09.405+0000] {dagbag.py:545} INFO - Filling up the DagBag from /opt/airflow/dags/__init__.py
[2026-09-01T09:35:09.430+0000] {processor.py:842} WARNING - No viable dags retrieved from /opt/airflow/dags/__init__.py
[2026-09-01T09:35:09.464+0000] {processor.py:183} INFO - Processing /opt/airflow/dags/__init__.py took 0.077 seconds
[2026-09-01T09:35:39.906+0000] {processor.py:161} INFO - Started process (PID=82) to work on /opt/airflow/dags/__init__.py
[2026-09-01T09:35:39.907+0000] {processor.py:830} INFO - Processing file /opt/airflow/dags/__init__.py for tasks to queue
[2026-09-01T09:35:39.910+0000] {logging_mixin.py:188} INFO - [2026-09-01T09:35:39.910+0000] {dagbag.py:545} INFO - Filling up the DagBag from /opt/airflow/dags/__init__.py
[2026-09-01T09:35:39.928+0000] {processor.py:842} WARNING - No viable dags retrieved from /opt/airflow/dags/__init__.py
[2026-09-01T09:35:39.961+0000] {processor.py:183} INFO - Processing /opt/airflow/dags/__init__.py took 0.065 seconds
[2026-09-01T09:36:10.564+0000] {processor.py:161} INFO - Started process (PID=86) to work on /opt/airflow/dags/__init__.py
[2026-09-01T09:36:10.565+0000] {processor.py:830} INFO - Processing file /opt/airflow/dags/__init__.py for tasks to queue
[2026-09-01T09:36:10.567+0000] {logging_mixin.py:188} INFO - [2026-09-01T09:36:10.566+0000] {dagbag.py:545} INFO - Filling up the DagBag from /opt/airflow/dags/__init__.py
[2026-09-01T09:36:10.576+0000] {processor.py:842} WARNING - No viable dags retrieved from /opt/airflow/dags/__init__.py
[2026-09-01T09:36:10.592+0000] {processor.py:183} INFO - Processing /opt/airflow/dags/__init__.py took 0.036 seconds
[2026-09-01T09:36:41.207+0000] {processor.py:161} INFO - Started process (PID=90) to work on /opt/airflow/dags/__init__.py
[2026-09-01T09:36:41.208+0000] {processor.py:830} INFO - Processing file /opt/airflow/dags/__init__.py for tasks to queue
[2026-09-01T09:36:41.211+0000] {logging_mixin.py:188} INFO - [2026-09-01T09:36:41.210+0000] {dagbag.py:545} INFO - Filling up the DagBag from /opt/airflow/dags/__init__.py
[2026-09-01T09:36:41.233+0000] {processor.py:842} WARNING - No viable dags retrieved from /opt/airflow/dags/__init__.py
[2026-09-01T09:36:41.260+0000] {processor.py:183} INFO - Processing /opt/airflow/dags/__init__.py took 0.065 seconds
[2026-09-01T09:37:11.849+0000] {processor.py:161} INFO - Started process (PID=94) to work on /opt/airflow/dags/__init__.py
[2026-09-01T09:37:11.851+0000] {processor.py:830} INFO - Processing file /opt/airflow/dags/__init__.py for tasks to queue
[2026-09-01T09:37:11.853+0000] {logging_mixin.py:188} INFO - [2026-09-01T09:37:11.853+0000] {dagbag.py:545} INFO - Filling up the DagBag from /opt/airflow/dags/__init__.py
[2026-09-01T09:37:11.866+0000] {processor.py:842} WARNING - No viable dags retrieved from /opt/airflow/dags/__init__.py
[2026-09-01T09:37:11.892+0000] {processor.py:183} INFO - Processing /opt/airflow/dags/__init__.py took 0.051 seconds
[2026-09-01T09:37:43.023+0000] {processor.py:161} INFO - Started process (PID=98) to work on /opt/airflow/dags/__init__.py
[2026-09-01T09:37:43.026+0000] {processor.py:830} INFO - Processing file /opt/airflow/dags/__init__.py for tasks to queue
[2026-09-01T09:37:43.029+0000] {logging_mixin.py:188} INFO - [2026-09-01T09:37:43.028+0000] {dagbag.py:545} INFO - Filling up the DagBag from /opt/airflow/dags/__init__.py
[2026-09-01T09:37:43.047+0000] {processor.py:842} WARNING - No viable dags retrieved from /opt/airflow/dags/__init__.py
[2026-09-01T09:37:43.082+0000] {processor.py:183} INFO - Processing /opt/airflow/dags/__init__.py took 0.074 seconds
[2026-09-01T09:38:14.192+0000] {processor.py:161} INFO - Started process (PID=102) to work on /opt/airflow/dags/__init__.py
[2026-09-01T09:38:14.193+0000] {processor.py:830} INFO - Processing file /opt/airflow/dags/__init__.py for tasks to queue
[2026-09-01T09:38:14.196+0000] {logging_mixin.py:188} INFO - [2026-09-01T09:38:14.195+0000] {dagbag.py:545} INFO - Filling up the DagBag from /opt/airflow/dags/__init__.py
[2026-09-01T09:38:14.205+0000] {processor.py:842} WARNING - No viable dags retrieved from /opt/airflow/dags/__init__.py
[2026-09-01T09:38:14.225+0000] {processor.py:183} INFO - Processing /opt/airflow/dags/__init__.py took 0.042 seconds
[2026-09-01T09:38:45.918+0000] {processor.py:161} INFO - Started process (PID=106) to work on /opt/airflow/dags/__init__.py
[2026-09-01T09:38:45.920+0000] {processor.py:830} INFO - Processing file /opt/airflow/dags/__init__.py for tasks to queue
[2026-09-01T09:38:45.925+0000] {logging_mixin.py:188} INFO - [2026-09-01T09:38:45.924+0000] {dagbag.py:545} INFO - Filling up the DagBag from /opt/airflow/dags/__init__.py
[2026-09-01T09:38:45.966+0000] {processor.py:842} WARNING - No viable dags retrieved from /opt/airflow/dags/__init__.py
[2026-09-01T09:38:45.993+0000] {processor.py:183} INFO - Processing /opt/airflow/dags/__init__.py took 0.117 seconds
[2026-09-01T09:39:16.695+0000] {processor.py:161} INFO - Started process (PID=110) to work on /opt/airflow/dags/__init__.py
[2026-09-01T09:39:16.696+0000] {processor.py:830} INFO - Processing file /opt/airflow/dags/__init__.py for tasks to queue
[2026-09-01T09:39:16.698+0000] {logging_mixin.py:188} INFO - [2026-09-01T09:39:16.698+0000] {dagbag.py:545} INFO - Filling up the DagBag from /opt/airflow/dags/__init__.py
[2026-09-01T09:39:16.707+0000] {processor.py:842} WARNING - No viable dags retrieved from /opt/airflow/dags/__init__.py
[2026-09-01T09:39:16.727+0000] {processor.py:183} INFO - Processing /opt/airflow/dags/__init__.py took 0.043 seconds
[2026-09-01T09:39:47.755+0000] {processor.py:161} INFO - Started process (PID=114) to work on /opt/airflow/dags/__init__.py
[2026-09-01T09:39:47.758+0000] {processor.py:830} INFO - Processing file /opt/airflow/dags/__init__.py for tasks to queue
[2026-09-01T09:39:47.762+0000] {logging_mixin.py:188} INFO - [2026-09-01T09:39:47.761+0000] {dagbag.py:545} INFO - Filling up the DagBag from /opt/airflow/dags/__init__.py
[2026-09-01T09:39:47.790+0000] {processor.py:842} WARNING - No viable dags retrieved from /opt/airflow/dags/__init__.py
[2026-09-01T09:39:47.838+0000] {processor.py:183} INFO - Processing /opt/airflow/dags/__init__.py took 0.099 seconds
[2026-09-01T09:40:18.035+0000] {processor.py:161} INFO - Started process (PID=118) to work on /opt/airflow/dags/__init__.py
[2026-09-01T09:40:18.036+0000] {processor.py:830} INFO - Processing file /opt/airflow/dags/__init__.py for tasks to queue
[2026-09-01T09:40:18.039+0000] {logging_mixin.py:188} INFO - [2026-09-01T09:40:18.038+0000] {dagbag.py:545} INFO - Filling up the DagBag from /opt/airflow/dags/__init__.py
[2026-09-01T09:40:18.048+0000] {processor.py:842} WARNING - No viable dags retrieved from /opt/airflow/dags/__init__.py
[2026-09-01T09:40:18.067+0000] {processor.py:183} INFO - Processing /opt/airflow/dags/__init__.py took 0.040 seconds
[2026-09-01T09:40:48.743+0000] {processor.py:161} INFO - Started process (PID=122) to work on /opt/airflow/dags/__init__.py
[2026-09-01T09:40:48.747+0000] {processor.py:830} INFO - Processing file /opt/airflow/dags/__init__.py for tasks to queue
[2026-09-01T09:40:48.752+0000] {logging_mixin.py:188} INFO - [2026-09-01T09:40:48.751+0000] {dagbag.py:545} INFO - Filling up the DagBag from /opt/airflow/dags/__init__.py
[2026-09-01T09:40:48.778+0000] {processor.py:842} WARNING - No viable dags retrieved from /opt/airflow/dags/__init__.py
[2026-09-01T09:40:48.831+0000] {processor.py:183} INFO - Processing /opt/airflow/dags/__init__.py took 0.108 seconds
[2026-09-01T09:41:19.329+0000] {processor.py:161} INFO - Started process (PID=126) to work on /opt/airflow/dags/__init__.py
[2026-09-01T09:41:19.332+0000] {processor.py:830} INFO - Processing file /opt/airflow/dags/__init__.py for tasks to queue
[2026-09-01T09:41:19.338+0000] {logging_mixin.py:188} INFO - [2026-09-01T09:41:19.337+0000] {dagbag.py:545} INFO - Filling up the DagBag from /opt/airflow/dags/__init__.py
[2026-09-01T09:41:19.373+0000] {processor.py:842} WARNING - No viable dags retrieved from /opt/airflow/dags/__init__.py
[2026-09-01T09:41:19.496+0000] {processor.py:183} INFO - Processing /opt/airflow/dags/__init__.py took 0.189 seconds
[2026-09-01T09:41:50.623+0000] {processor.py:161} INFO - Started process (PID=130) to work on /opt/airflow/dags/__init__.py
[2026-09-01T09:41:50.626+0000] {processor.py:830} INFO - Processing file /opt/airflow/dags/__init__.py for tasks to queue
[2026-09-01T09:41:50.629+0000] {logging_mixin.py:188} INFO - [2026-09-01T09:41:50.628+0000] {dagbag.py:545} INFO - Filling up the DagBag from /opt/airflow/dags/__init__.py
[2026-09-01T09:41:50.647+0000] {processor.py:842} WARNING - No viable dags retrieved from /opt/airflow/dags/__init__.py
[2026-09-01T09:41:50.679+0000] {processor.py:183} INFO - Processing /opt/airflow/dags/__init__.py took 0.069 seconds
[2026-09-01T09:42:21.752+0000] {processor.py:161} INFO - Started process (PID=134) to work on /opt/airflow/dags/__init__.py
[2026-09-01T09:42:21.754+0000] {processor.py:830} INFO - Processing file /opt/airflow/dags/__init__.py for tasks to queue
[2026-09-01T09:42:21.760+0000] {logging_mixin.py:188} INFO - [2026-09-01T09:42:21.757+0000] {dagbag.py:545} INFO - Filling up the DagBag from /opt/airflow/dags/__init__.py
[2026-09-01T09:42:21.785+0000] {processor.py:842} WARNING - No viable dags retrieved from /opt/airflow/dags/__init__.py
[2026-09-01T09:42:21.827+0000] {processor.py:183} INFO - Processing /opt/airflow/dags/__init__.py took 0.098 seconds
[2026-09-01T09:42:52.934+0000] {processor.py:161} INFO - Started process (PID=138) to work on /opt/airflow/dags/__init__.py
[2026-09-01T09:42:52.936+0000] {processor.py:830} INFO - Processing file /opt/airflow/dags/__init__.py for tasks to queue
[2026-09-01T09:42:52.938+0000] {logging_mixin.py:188} INFO - [2026-09-01T09:42:52.938+0000] {dagbag.py:545} INFO - Filling up the DagBag from /opt/airflow/dags/__init__.py
[2026-09-01T09:42:52.950+0000] {processor.py:842} WARNING - No viable dags retrieved from /opt/airflow/dags/__init__.py
[2026-09-01T09:42:52.969+0000] {processor.py:183} INFO - Processing /opt/airflow/dags/__init__.py took 0.043 seconds
[2026-09-01T09:43:23.755+0000] {processor.py:161} INFO - Started process (PID=142) to work on /opt/airflow/dags/__init__.py
[2026-09-01T09:43:23.757+0000] {processor.py:830} INFO - Processing file /opt/airflow/dags/__init__.py for tasks to queue
[2026-09-01T09:43:23.759+0000] {logging_mixin.py:188} INFO - [2026-09-01T09:43:23.759+0000] {dagbag.py:545} INFO - Filling up the DagBag from /opt/airflow/dags/__init__.py
[2026-09-01T09:43:23.780+0000] {processor.py:842} WARNING - No viable dags retrieved from /opt/airflow/dags/__init__.py
[2026-09-01T09:43:23.817+0000] {processor.py:183} INFO - Processing /opt/airflow/dags/__init__.py took 0.079 seconds
[2026-09-01T09:43:54.756+0000] {processor.py:161} INFO - Started process (PID=146) to work on /opt/airflow/dags/__init__.py
[2026-09-01T09:43:54.757+0000] {processor.py:830} INFO - Processing file /opt/airflow/dags/__init__.py for tasks to queue
[2026-09-01T09:43:54.759+0000] {logging_mixin.py:188} INFO - [2026-09-01T09:43:54.759+0000] {dagbag.py:545} INFO - Filling up the DagBag from /opt/airflow/dags/__init__.py
[2026-09-01T09:43:54.769+0000] {processor.py:842} WARNING - No viable dags retrieved from /opt/airflow/dags/__init__.py
[2026-09-01T09:43:54.794+0000] {processor.py:183} INFO - Processing /opt/airflow/dags/__init__.py took 0.048 seconds
[2026-09-01T09:44:25.374+0000] {processor.py:161} INFO - Started process (PID=150) to work on /opt/airflow/dags/__init__.py
[2026-09-01T09:44:25.376+0000] {processor.py:830} INFO - Processing file /opt/airflow/dags/__init__.py for tasks to queue
[2026-09-01T09:44:25.379+0000] {logging_mixin.py:188} INFO - [2026-09-01T09:44:25.379+0000] {dagbag.py:545} INFO - Filling up the DagBag from /opt/airflow/dags/__init__.py
[2026-09-01T09:44:25.406+0000] {processor.py:842} WARNING - No viable dags retrieved from /opt/airflow/dags/__init__.py
[2026-09-01T09:44:25.440+0000] {processor.py:183} INFO - Processing /opt/airflow/dags/__init__.py took 0.082 seconds
[2026-09-01T09:44:56.035+0000] {processor.py:161} INFO - Started process (PID=154) to work on /opt/airflow/dags/__init__.py
[2026-09-01T09:44:56.036+0000] {processor.py:830} INFO - Processing file /opt/airflow/dags/__init__.py for tasks to queue
[2026-09-01T09:44:56.040+0000] {logging_mixin.py:188} INFO - [2026-09-01T09:44:56.040+0000] {dagbag.py:545} INFO - Filling up the DagBag from /opt/airflow/dags/__init__.py
[2026-09-01T09:44:56.059+0000] {processor.py:842} WARNING - No viable dags retrieved from /opt/airflow/dags/__init__.py
[2026-09-01T09:44:56.091+0000] {processor.py:183} INFO - Processing /opt/airflow/dags/__init__.py took 0.069 seconds
[2026-09-01T09:45:26.508+0000] {processor.py:161} INFO - Started process (PID=158) to work on /opt/airflow/dags/__init__.py
[2026-09-01T09:45:26.509+0000] {processor.py:830} INFO - Processing file /opt/airflow/dags/__init__.py for tasks to queue
[2026-09-01T09:45:26.511+0000] {logging_mixin.py:188} INFO - [2026-09-01T09:45:26.511+0000] {dagbag.py:545} INFO - Filling up the DagBag from /opt/airflow/dags/__init__.py
[2026-09-01T09:45:26.527+0000] {processor.py:842} WARNING - No viable dags retrieved from /opt/airflow/dags/__init__.py
[2026-09-01T09:45:26.546+0000] {processor.py:183} INFO - Processing /opt/airflow/dags/__init__.py took 0.047 seconds
[2026-09-01T09:45:56.777+0000] {processor.py:161} INFO - Started process (PID=162) to work on /opt/airflow/dags/__init__.py
[2026-09-01T09:45:56.779+0000] {processor.py:830} INFO - Processing file /opt/airflow/dags/__init__.py for tasks to queue
[2026-09-01T09:45:56.783+0000] {logging_mixin.py:188} INFO - [2026-09-01T09:45:56.782+0000] {dagbag.py:545} INFO - Filling up the DagBag from /opt/airflow/dags/__init__.py
[2026-09-01T09:45:56.805+0000] {processor.py:842} WARNING - No viable dags retrieved from /opt/airflow/dags/__init__.py
[2026-09-01T09:45:56.833+0000] {processor.py:183} INFO - Processing /opt/airflow/dags/__init__.py took 0.070 seconds
[2026-09-01T09:46:28.342+0000] {processor.py:161} INFO - Started process (PID=166) to work on /opt/airflow/dags/__init__.py
[2026-09-01T09:46:28.344+0000] {processor.py:830} INFO - Processing file /opt/airflow/dags/__init__.py for tasks to queue
[2026-09-01T09:46:28.346+0000] {logging_mixin.py:188} INFO - [2026-09-01T09:46:28.345+0000] {dagbag.py:545} INFO - Filling up the DagBag from /opt/airflow/dags/__init__.py
[2026-09-01T09:46:28.362+0000] {processor.py:842} WARNING - No viable dags retrieved from /opt/airflow/dags/__init__.py
[2026-09-01T09:46:28.382+0000] {processor.py:183} INFO - Processing /opt/airflow/dags/__init__.py took 0.050 seconds
[2026-09-01T09:46:58.672+0000] {processor.py:161} INFO - Started process (PID=170) to work on /opt/airflow/dags/__init__.py
[2026-09-01T09:46:58.673+0000] {processor.py:830} INFO - Processing file /opt/airflow/dags/__init__.py for tasks to queue
[2026-09-01T09:46:58.676+0000] {logging_mixin.py:188} INFO - [2026-09-01T09:46:58.676+0000] {dagbag.py:545} INFO - Filling up the DagBag from /opt/airflow/dags/__init__.py
[2026-09-01T09:46:58.688+0000] {processor.py:842} WARNING - No viable dags retrieved from /opt/airflow/dags/__init__.py
[2026-09-01T09:46:58.710+0000] {processor.py:183} INFO - Processing /opt/airflow/dags/__init__.py took 0.048 seconds
[2026-09-01T09:47:29.803+0000] {processor.py:161} INFO - Started process (PID=174) to work on /opt/airflow/dags/__init__.py
[2026-09-01T09:47:29.804+0000] {processor.py:830} INFO - Processing file /opt/airflow/dags/__init__.py for tasks to queue
[2026-09-01T09:47:29.806+0000] {logging_mixin.py:188} INFO - [2026-09-01T09:47:29.806+0000] {dagbag.py:545} INFO - Filling up the DagBag from /opt/airflow/dags/__init__.py
[2026-09-01T09:47:29.820+0000] {processor.py:842} WARNING - No viable dags retrieved from /opt/airflow/dags/__init__.py
[2026-09-01T09:47:29.856+0000] {processor.py:183} INFO - Processing /opt/airflow/dags/__init__.py took 0.061 seconds
[2026-09-01T09:48:00.842+0000] {processor.py:161} INFO - Started process (PID=178) to work on /opt/airflow/dags/__init__.py
[2026-09-01T09:48:00.843+0000] {processor.py:830} INFO - Processing file /opt/airflow/dags/__init__.py for tasks to queue
[2026-09-01T09:48:00.846+0000] {logging_mixin.py:188} INFO - [2026-09-01T09:48:00.845+0000] {dagbag.py:545} INFO - Filling up the DagBag from /opt/airflow/dags/__init__.py
[2026-09-01T09:48:00.863+0000] {processor.py:842} WARNING - No viable dags retrieved from /opt/airflow/dags/__init__.py
[2026-09-01T09:48:00.889+0000] {processor.py:183} INFO - Processing /opt/airflow/dags/__init__.py took 0.060 seconds
[2026-09-01T09:48:31.603+0000] {processor.py:161} INFO - Started process (PID=182) to work on /opt/airflow/dags/__init__.py
[2026-09-01T09:48:31.605+0000] {processor.py:830} INFO - Processing file /opt/airflow/dags/__init__.py for tasks to queue
[2026-09-01T09:48:31.608+0000] {logging_mixin.py:188} INFO - [2026-09-01T09:48:31.608+0000] {dagbag.py:545} INFO - Filling up the DagBag from /opt/airflow/dags/__init__.py
[2026-09-01T09:48:31.633+0000] {processor.py:842} WARNING - No viable dags retrieved from /opt/airflow/dags/__init__.py
[2026-09-01T09:48:31.666+0000] {processor.py:183} INFO - Processing /opt/airflow/dags/__init__.py took 0.080 seconds
[2026-09-01T09:49:02.709+0000] {processor.py:161} INFO - Started process (PID=186) to work on /opt/airflow/dags/__init__.py
[2026-09-01T09:49:02.711+0000] {processor.py:830} INFO - Processing file /opt/airflow/dags/__init__.py for tasks to queue
[2026-09-01T09:49:02.714+0000] {logging_mixin.py:188} INFO - [2026-09-01T09:49:02.714+0000] {dagbag.py:545} INFO - Filling up the DagBag from /opt/airflow/dags/__init__.py
[2026-09-01T09:49:02.736+0000] {processor.py:842} WARNING - No viable dags retrieved from /opt/airflow/dags/__init__.py
[2026-09-01T09:49:02.768+0000] {processor.py:183} INFO - Processing /opt/airflow/dags/__init__.py took 0.073 seconds
[2026-09-01T09:49:33.470+0000] {processor.py:161} INFO - Started process (PID=190) to work on /opt/airflow/dags/__init__.py
[2026-09-01T09:49:33.472+0000] {processor.py:830} INFO - Processing file /opt/airflow/dags/__init__.py for tasks to queue
[2026-09-01T09:49:33.474+0000] {logging_mixin.py:188} INFO - [2026-09-01T09:49:33.474+0000] {dagbag.py:545} INFO - Filling up the DagBag from /opt/airflow/dags/__init__.py
[2026-09-01T09:49:33.492+0000] {processor.py:842} WARNING - No viable dags retrieved from /opt/airflow/dags/__init__.py
[2026-09-01T09:49:33.520+0000] {processor.py:183} INFO - Processing /opt/airflow/dags/__init__.py took 0.060 seconds
[2026-09-01T09:50:04.500+0000] {processor.py:161} INFO - Started process (PID=194) to work on /opt/airflow/dags/__init__.py
[2026-09-01T09:50:04.502+0000] {processor.py:830} INFO - Processing file /opt/airflow/dags/__init__.py for tasks to queue
[2026-09-01T09:50:04.504+0000] {logging_mixin.py:188} INFO - [2026-09-01T09:50:04.504+0000] {dagbag.py:545} INFO - Filling up the DagBag from /opt/airflow/dags/__init__.py
[2026-09-01T09:50:04.547+0000] {processor.py:842} WARNING - No viable dags retrieved from /opt/airflow/dags/__init__.py
[2026-09-01T09:50:04.596+0000] {processor.py:183} INFO - Processing /opt/airflow/dags/__init__.py took 0.111 seconds
[2026-09-01T09:50:35.438+0000] {processor.py:161} INFO - Started process (PID=198) to work on /opt/airflow/dags/__init__.py
[2026-09-01T09:50:35.440+0000] {processor.py:830} INFO - Processing file /opt/airflow/dags/__init__.py for tasks to queue
[2026-09-01T09:50:35.443+0000] {logging_mixin.py:188} INFO - [2026-09-01T09:50:35.442+0000] {dagbag.py:545} INFO - Filling up the DagBag from /opt/airflow/dags/__init__.py
[2026-09-01T09:50:35.459+0000] {processor.py:842} WARNING - No viable dags retrieved from /opt/airflow/dags/__init__.py
[2026-09-01T09:50:35.480+0000] {processor.py:183} INFO - Processing /opt/airflow/dags/__init__.py took 0.059 seconds
[2026-09-01T09:51:06.641+0000] {processor.py:161} INFO - Started process (PID=202) to work on /opt/airflow/dags/__init__.py
[2026-09-01T09:51:06.643+0000] {processor.py:830} INFO - Processing file /opt/airflow/dags/__init__.py for tasks to queue
[2026-09-01T09:51:06.645+0000] {logging_mixin.py:188} INFO - [2026-09-01T09:51:06.645+0000] {dagbag.py:545} INFO - Filling up the DagBag from /opt/airflow/dags/__init__.py
[2026-09-01T09:51:06.667+0000] {processor.py:842} WARNING - No viable dags retrieved from /opt/airflow/dags/__init__.py
[2026-09-01T09:51:06.698+0000] {processor.py:183} INFO - Processing /opt/airflow/dags/__init__.py took 0.071 seconds
[2026-09-01T09:51:37.026+0000] {processor.py:161} INFO - Started process (PID=206) to work on /opt/airflow/dags/__init__.py
[2026-09-01T09:51:37.028+0000] {processor.py:830} INFO - Processing file /opt/airflow/dags/__init__.py for tasks to queue
[2026-09-01T09:51:37.030+0000] {logging_mixin.py:188} INFO - [2026-09-01T09:51:37.029+0000] {dagbag.py:545} INFO - Filling up the DagBag from /opt/airflow/dags/__init__.py
[2026-09-01T09:51:37.046+0000] {processor.py:842} WARNING - No viable dags retrieved from /opt/airflow/dags/__init__.py
[2026-09-01T09:51:37.075+0000] {processor.py:183} INFO - Processing /opt/airflow/dags/__init__.py took 0.060 seconds
[2026-09-01T09:52:07.553+0000] {processor.py:161} INFO - Started process (PID=210) to work on /opt/airflow/dags/__init__.py
[2026-09-01T09:52:07.555+0000] {processor.py:830} INFO - Processing file /opt/airflow/dags/__init__.py for tasks to queue
[2026-09-01T09:52:07.558+0000] {logging_mixin.py:188} INFO - [2026-09-01T09:52:07.557+0000] {dagbag.py:545} INFO - Filling up the DagBag from /opt/airflow/dags/__init__.py
[2026-09-01T09:52:07.584+0000] {processor.py:842} WARNING - No viable dags retrieved from /opt/airflow/dags/__init__.py
[2026-09-01T09:52:07.630+0000] {processor.py:183} INFO - Processing /opt/airflow/dags/__init__.py took 0.092 seconds
[2026-09-01T09:52:38.855+0000] {processor.py:161} INFO - Started process (PID=214) to work on /opt/airflow/dags/__init__.py
[2026-09-01T09:52:38.856+0000] {processor.py:830} INFO - Processing file /opt/airflow/dags/__init__.py for tasks to queue
[2026-09-01T09:52:38.859+0000] {logging_mixin.py:188} INFO - [2026-09-01T09:52:38.859+0000] {dagbag.py:545} INFO - Filling up the DagBag from /opt/airflow/dags/__init__.py
[2026-09-01T09:52:38.886+0000] {processor.py:842} WARNING - No viable dags retrieved from /opt/airflow/dags/__init__.py
[2026-09-01T09:52:38.927+0000] {processor.py:183} INFO - Processing /opt/airflow/dags/__init__.py took 0.088 seconds
[2026-09-01T09:53:10.488+0000] {processor.py:161} INFO - Started process (PID=218) to work on /opt/airflow/dags/__init__.py
[2026-09-01T09:53:10.490+0000] {processor.py:830} INFO - Processing file /opt/airflow/dags/__init__.py for tasks to queue
[2026-09-01T09:53:10.493+0000] {logging_mixin.py:188} INFO - [2026-09-01T09:53:10.493+0000] {dagbag.py:545} INFO - Filling up the DagBag from /opt/airflow/dags/__init__.py
[2026-09-01T09:53:10.518+0000] {processor.py:842} WARNING - No viable dags retrieved from /opt/airflow/dags/__init__.py
[2026-09-01T09:53:10.554+0000] {processor.py:183} INFO - Processing /opt/airflow/dags/__init__.py took 0.083 seconds
[2026-09-01T09:53:40.930+0000] {processor.py:161} INFO - Started process (PID=222) to work on /opt/airflow/dags/__init__.py
[2026-09-01T09:53:40.933+0000] {processor.py:830} INFO - Processing file /opt/airflow/dags/__init__.py for tasks to queue
[2026-09-01T09:53:40.940+0000] {logging_mixin.py:188} INFO - [2026-09-01T09:53:40.939+0000] {dagbag.py:545} INFO - Filling up the DagBag from /opt/airflow/dags/__init__.py
[2026-09-01T09:53:40.964+0000] {processor.py:842} WARNING - No viable dags retrieved from /opt/airflow/dags/__init__.py
[2026-09-01T09:53:40.998+0000] {processor.py:183} INFO - Processing /opt/airflow/dags/__init__.py took 0.080 seconds
[2026-09-01T09:54:12.175+0000] {processor.py:161} INFO - Started process (PID=226) to work on /opt/airflow/dags/__init__.py
[2026-09-01T09:54:12.177+0000] {processor.py:830} INFO - Processing file /opt/airflow/dags/__init__.py for tasks to queue
[2026-09-01T09:54:12.180+0000] {logging_mixin.py:188} INFO - [2026-09-01T09:54:12.179+0000] {dagbag.py:545} INFO - Filling up the DagBag from /opt/airflow/dags/__init__.py
[2026-09-01T09:54:12.214+0000] {processor.py:842} WARNING - No viable dags retrieved from /opt/airflow/dags/__init__.py
[2026-09-01T09:54:12.255+0000] {processor.py:183} INFO - Processing /opt/airflow/dags/__init__.py took 0.099 seconds
[2026-09-01T09:54:43.389+0000] {processor.py:161} INFO - Started process (PID=230) to work on /opt/airflow/dags/__init__.py
[2026-09-01T09:54:43.391+0000] {processor.py:830} INFO - Processing file /opt/airflow/dags/__init__.py for tasks to queue
[2026-09-01T09:54:43.394+0000] {logging_mixin.py:188} INFO - [2026-09-01T09:54:43.394+0000] {dagbag.py:545} INFO - Filling up the DagBag from /opt/airflow/dags/__init__.py
[2026-09-01T09:54:43.413+0000] {processor.py:842} WARNING - No viable dags retrieved from /opt/airflow/dags/__init__.py
[2026-09-01T09:54:43.455+0000] {processor.py:183} INFO - Processing /opt/airflow/dags/__init__.py took 0.078 seconds
[2026-09-01T09:55:14.918+0000] {processor.py:161} INFO - Started process (PID=234) to work on /opt/airflow/dags/__init__.py
[2026-09-01T09:55:14.920+0000] {processor.py:830} INFO - Processing file /opt/airflow/dags/__init__.py for tasks to queue
[2026-09-01T09:55:14.923+0000] {logging_mixin.py:188} INFO - [2026-09-01T09:55:14.923+0000] {dagbag.py:545} INFO - Filling up the DagBag from /opt/airflow/dags/__init__.py
[2026-09-01T09:55:14.940+0000] {processor.py:842} WARNING - No viable dags retrieved from /opt/airflow/dags/__init__.py
[2026-09-01T09:55:14.972+0000] {processor.py:183} INFO - Processing /opt/airflow/dags/__init__.py took 0.069 seconds
[2026-09-01T09:55:45.417+0000] {processor.py:161} INFO - Started process (PID=238) to work on /opt/airflow/dags/__init__.py
[2026-09-01T09:55:45.419+0000] {processor.py:830} INFO - Processing file /opt/airflow/dags/__init__.py for tasks to queue
[2026-09-01T09:55:45.422+0000] {logging_mixin.py:188} INFO - [2026-09-01T09:55:45.422+0000] {dagbag.py:545} INFO - Filling up the DagBag from /opt/airflow/dags/__init__.py
[2026-09-01T09:55:45.444+0000] {processor.py:842} WARNING - No viable dags retrieved from /opt/airflow/dags/__init__.py
[2026-09-01T09:55:45.473+0000] {processor.py:183} INFO - Processing /opt/airflow/dags/__init__.py took 0.068 seconds
[2026-09-01T09:56:15.803+0000] {processor.py:161} INFO - Started process (PID=242) to work on /opt/airflow/dags/__init__.py
[2026-09-01T09:56:15.804+0000] {processor.py:830} INFO - Processing file /opt/airflow/dags/__init__.py for tasks to queue
[2026-09-01T09:56:15.806+0000] {logging_mixin.py:188} INFO - [2026-09-01T09:56:15.806+0000] {dagbag.py:545} INFO - Filling up the DagBag from /opt/airflow/dags/__init__.py
[2026-09-01T09:56:15.818+0000] {processor.py:842} WARNING - No viable dags retrieved from /opt/airflow/dags/__init__.py
[2026-09-01T09:56:15.842+0000] {processor.py:183} INFO - Processing /opt/airflow/dags/__init__.py took 0.047 seconds
[2026-09-01T09:56:46.868+0000] {processor.py:161} INFO - Started process (PID=246) to work on /opt/airflow/dags/__init__.py
[2026-09-01T09:56:46.870+0000] {processor.py:830} INFO - Processing file /opt/airflow/dags/__init__.py for tasks to queue
[2026-09-01T09:56:46.873+0000] {logging_mixin.py:188} INFO - [2026-09-01T09:56:46.873+0000] {dagbag.py:545} INFO - Filling up the DagBag from /opt/airflow/dags/__init__.py
[2026-09-01T09:56:46.892+0000] {processor.py:842} WARNING - No viable dags retrieved from /opt/airflow/dags/__init__.py
[2026-09-01T09:56:46.926+0000] {processor.py:183} INFO - Processing /opt/airflow/dags/__init__.py took 0.072 seconds
[2026-09-01T09:57:17.423+0000] {processor.py:161} INFO - Started process (PID=250) to work on /opt/airflow/dags/__init__.py
[2026-09-01T09:57:17.426+0000] {processor.py:830} INFO - Processing file /opt/airflow/dags/__init__.py for tasks to queue
[2026-09-01T09:57:17.429+0000] {logging_mixin.py:188} INFO - [2026-09-01T09:57:17.428+0000] {dagbag.py:545} INFO - Filling up the DagBag from /opt/airflow/dags/__init__.py
[2026-09-01T09:57:17.451+0000] {processor.py:842} WARNING - No viable dags retrieved from /opt/airflow/dags/__init__.py
[2026-09-01T09:57:17.480+0000] {processor.py:183} INFO - Processing /opt/airflow/dags/__init__.py took 0.068 seconds
[2026-09-01T09:57:48.339+0000] {processor.py:161} INFO - Started process (PID=254) to work on /opt/airflow/dags/__init__.py
[2026-09-01T09:57:48.340+0000] {processor.py:830} INFO - Processing file /opt/airflow/dags/__init__.py for tasks to queue
[2026-09-01T09:57:48.342+0000] {logging_mixin.py:188} INFO - [2026-09-01T09:57:48.342+0000] {dagbag.py:545} INFO - Filling up the DagBag from /opt/airflow/dags/__init__.py
[2026-09-01T09:57:48.358+0000] {processor.py:842} WARNING - No viable dags retrieved from /opt/airflow/dags/__init__.py
[2026-09-01T09:57:48.394+0000] {processor.py:183} INFO - Processing /opt/airflow/dags/__init__.py took 0.063 seconds
[2026-09-01T09:58:19.063+0000] {processor.py:161} INFO - Started process (PID=258) to work on /opt/airflow/dags/__init__.py
[2026-09-01T09:58:19.066+0000] {processor.py:830} INFO - Processing file /opt/airflow/dags/__init__.py for tasks to queue
[2026-09-01T09:58:19.070+0000] {logging_mixin.py:188} INFO - [2026-09-01T09:58:19.069+0000] {dagbag.py:545} INFO - Filling up the DagBag from /opt/airflow/dags/__init__.py
[2026-09-01T09:58:19.095+0000] {processor.py:842} WARNING - No viable dags retrieved from /opt/airflow/dags/__init__.py
[2026-09-01T09:58:19.137+0000] {processor.py:183} INFO - Processing /opt/airflow/dags/__init__.py took 0.087 seconds
[2026-09-01T09:58:51.675+0000] {processor.py:161} INFO - Started process (PID=262) to work on /opt/airflow/dags/__init__.py
[2026-09-01T09:58:51.677+0000] {processor.py:830} INFO - Processing file /opt/airflow/dags/__init__.py for tasks to queue
[2026-09-01T09:58:51.680+0000] {logging_mixin.py:188} INFO - [2026-09-01T09:58:51.680+0000] {dagbag.py:545} INFO - Filling up the DagBag from /opt/airflow/dags/__init__.py
[2026-09-01T09:58:51.705+0000] {processor.py:842} WARNING - No viable dags retrieved from /opt/airflow/dags/__init__.py
[2026-09-01T09:58:51.741+0000] {processor.py:183} INFO - Processing /opt/airflow/dags/__init__.py took 0.082 seconds
[2026-09-01T09:59:22.494+0000] {processor.py:161} INFO - Started process (PID=266) to work on /opt/airflow/dags/__init__.py
[2026-09-01T09:59:22.497+0000] {processor.py:830} INFO - Processing file /opt/airflow/dags/__init__.py for tasks to queue
[2026-09-01T09:59:22.500+0000] {logging_mixin.py:188} INFO - [2026-09-01T09:59:22.500+0000] {dagbag.py:545} INFO - Filling up the DagBag from /opt/airflow/dags/__init__.py
[2026-09-01T09:59:22.516+0000] {processor.py:842} WARNING - No viable dags retrieved from /opt/airflow/dags/__init__.py
[2026-09-01T09:59:22.546+0000] {processor.py:183} INFO - Processing /opt/airflow/dags/__init__.py took 0.064 seconds
[2026-09-01T09:59:53.220+0000] {processor.py:161} INFO - Started process (PID=270) to work on /opt/airflow/dags/__init__.py
[2026-09-01T09:59:53.222+0000] {processor.py:830} INFO - Processing file /opt/airflow/dags/__init__.py for tasks to queue
[2026-09-01T09:59:53.225+0000] {logging_mixin.py:188} INFO - [2026-09-01T09:59:53.224+0000] {dagbag.py:545} INFO - Filling up the DagBag from /opt/airflow/dags/__init__.py
[2026-09-01T09:59:53.249+0000] {processor.py:842} WARNING - No viable dags retrieved from /opt/airflow/dags/__init__.py
[2026-09-01T09:59:53.282+0000] {processor.py:183} INFO - Processing /opt/airflow/dags/__init__.py took 0.075 seconds
[2026-09-01T10:00:24.639+0000] {processor.py:161} INFO - Started process (PID=274) to work on /opt/airflow/dags/__init__.py
[2026-09-01T10:00:24.641+0000] {processor.py:830} INFO - Processing file /opt/airflow/dags/__init__.py for tasks to queue
[2026-09-01T10:00:24.644+0000] {logging_mixin.py:188} INFO - [2026-09-01T10:00:24.643+0000] {dagbag.py:545} INFO - Filling up the DagBag from /opt/airflow/dags/__init__.py
[2026-09-01T10:00:24.663+0000] {processor.py:842} WARNING - No viable dags retrieved from /opt/airflow/dags/__init__.py
[2026-09-01T10:00:24.704+0000] {processor.py:183} INFO - Processing /opt/airflow/dags/__init__.py took 0.077 seconds
[2026-09-01T10:00:56.017+0000] {processor.py:161} INFO - Started process (PID=278) to work on /opt/airflow/dags/__init__.py
[2026-09-01T10:00:56.022+0000] {processor.py:830} INFO - Processing file /opt/airflow/dags/__init__.py for tasks to queue
[2026-09-01T10:00:56.029+0000] {logging_mixin.py:188} INFO - [2026-09-01T10:00:56.027+0000] {dagbag.py:545} INFO - Filling up the DagBag from /opt/airflow/dags/__init__.py
[2026-09-01T10:00:56.058+0000] {processor.py:842} WARNING - No viable dags retrieved from /opt/airflow/dags/__init__.py
[2026-09-01T10:00:56.087+0000] {processor.py:183} INFO - Processing /opt/airflow/dags/__init__.py took 0.082 seconds
[2026-09-01T10:01:27.593+0000] {processor.py:161} INFO - Started process (PID=282) to work on /opt/airflow/dags/__init__.py
[2026-09-01T10:01:27.595+0000] {processor.py:830} INFO - Processing file /opt/airflow/dags/__init__.py for tasks to queue
[2026-09-01T10:01:27.599+0000] {logging_mixin.py:188} INFO - [2026-09-01T10:01:27.598+0000] {dagbag.py:545} INFO - Filling up the DagBag from /opt/airflow/dags/__init__.py
[2026-09-01T10:01:27.622+0000] {processor.py:842} WARNING - No viable dags retrieved from /opt/airflow/dags/__init__.py
[2026-09-01T10:01:27.659+0000] {processor.py:183} INFO - Processing /opt/airflow/dags/__init__.py took 0.080 seconds
[2026-09-01T10:01:58.642+0000] {processor.py:161} INFO - Started process (PID=286) to work on /opt/airflow/dags/__init__.py
[2026-09-01T10:01:58.645+0000] {processor.py:830} INFO - Processing file /opt/airflow/dags/__init__.py for tasks to queue
[2026-09-01T10:01:58.648+0000] {logging_mixin.py:188} INFO - [2026-09-01T10:01:58.647+0000] {dagbag.py:545} INFO - Filling up the DagBag from /opt/airflow/dags/__init__.py
[2026-09-01T10:01:58.669+0000] {processor.py:842} WARNING - No viable dags retrieved from /opt/airflow/dags/__init__.py
[2026-09-01T10:01:58.704+0000] {processor.py:183} INFO - Processing /opt/airflow/dags/__init__.py took 0.074 seconds
[2026-09-01T10:02:30.552+0000] {processor.py:161} INFO - Started process (PID=290) to work on /opt/airflow/dags/__init__.py
[2026-09-01T10:02:30.555+0000] {processor.py:830} INFO - Processing file /opt/airflow/dags/__init__.py for tasks to queue
[2026-09-01T10:02:30.558+0000] {logging_mixin.py:188} INFO - [2026-09-01T10:02:30.557+0000] {dagbag.py:545} INFO - Filling up the DagBag from /opt/airflow/dags/__init__.py
[2026-09-01T10:02:30.579+0000] {processor.py:842} WARNING - No viable dags retrieved from /opt/airflow/dags/__init__.py
[2026-09-01T10:02:30.599+0000] {processor.py:183} INFO - Processing /opt/airflow/dags/__init__.py took 0.060 seconds
[2026-09-01T10:03:00.894+0000] {processor.py:161} INFO - Started process (PID=294) to work on /opt/airflow/dags/__init__.py
[2026-09-01T10:03:00.895+0000] {processor.py:830} INFO - Processing file /opt/airflow/dags/__init__.py for tasks to queue
[2026-09-01T10:03:00.897+0000] {logging_mixin.py:188} INFO - [2026-09-01T10:03:00.896+0000] {dagbag.py:545} INFO - Filling up the DagBag from /opt/airflow/dags/__init__.py
[2026-09-01T10:03:00.910+0000] {processor.py:842} WARNING - No viable dags retrieved from /opt/airflow/dags/__init__.py
[2026-09-01T10:03:00.936+0000] {processor.py:183} INFO - Processing /opt/airflow/dags/__init__.py took 0.051 seconds
[2026-09-01T10:03:32.180+0000] {processor.py:161} INFO - Started process (PID=298) to work on /opt/airflow/dags/__init__.py
[2026-09-01T10:03:32.182+0000] {processor.py:830} INFO - Processing file /opt/airflow/dags/__init__.py for tasks to queue
[2026-09-01T10:03:32.186+0000] {logging_mixin.py:188} INFO - [2026-09-01T10:03:32.185+0000] {dagbag.py:545} INFO - Filling up the DagBag from /opt/airflow/dags/__init__.py
[2026-09-01T10:03:32.208+0000] {processor.py:842} WARNING - No viable dags retrieved from /opt/airflow/dags/__init__.py
[2026-09-01T10:03:32.249+0000] {processor.py:183} INFO - Processing /opt/airflow/dags/__init__.py took 0.081 seconds
[2026-09-01T10:04:03.676+0000] {processor.py:161} INFO - Started process (PID=302) to work on /opt/airflow/dags/__init__.py
[2026-09-01T10:04:03.677+0000] {processor.py:830} INFO - Processing file /opt/airflow/dags/__init__.py for tasks to queue
[2026-09-01T10:04:03.680+0000] {logging_mixin.py:188} INFO - [2026-09-01T10:04:03.680+0000] {dagbag.py:545} INFO - Filling up the DagBag from /opt/airflow/dags/__init__.py
[2026-09-01T10:04:03.697+0000] {processor.py:842} WARNING - No viable dags retrieved from /opt/airflow/dags/__init__.py
[2026-09-01T10:04:03.724+0000] {processor.py:183} INFO - Processing /opt/airflow/dags/__init__.py took 0.060 seconds
[2026-09-01T10:04:34.557+0000] {processor.py:161} INFO - Started process (PID=306) to work on /opt/airflow/dags/__init__.py
[2026-09-01T10:04:34.558+0000] {processor.py:830} INFO - Processing file /opt/airflow/dags/__init__.py for tasks to queue
[2026-09-01T10:04:34.561+0000] {logging_mixin.py:188} INFO - [2026-09-01T10:04:34.561+0000] {dagbag.py:545} INFO - Filling up the DagBag from /opt/airflow/dags/__init__.py
[2026-09-01T10:04:34.570+0000] {processor.py:842} WARNING - No viable dags retrieved from /opt/airflow/dags/__init__.py
[2026-09-01T10:04:34.589+0000] {processor.py:183} INFO - Processing /opt/airflow/dags/__init__.py took 0.039 seconds
[2026-09-01T10:05:05.524+0000] {processor.py:161} INFO - Started process (PID=310) to work on /opt/airflow/dags/__init__.py
[2026-09-01T10:05:05.525+0000] {processor.py:830} INFO - Processing file /opt/airflow/dags/__init__.py for tasks to queue
[2026-09-01T10:05:05.527+0000] {logging_mixin.py:188} INFO - [2026-09-01T10:05:05.527+0000] {dagbag.py:545} INFO - Filling up the DagBag from /opt/airflow/dags/__init__.py
[2026-09-01T10:05:05.540+0000] {processor.py:842} WARNING - No viable dags retrieved from /opt/airflow/dags/__init__.py
[2026-09-01T10:05:05.558+0000] {processor.py:183} INFO - Processing /opt/airflow/dags/__init__.py took 0.045 seconds
[2026-09-01T10:05:36.321+0000] {processor.py:161} INFO - Started process (PID=314) to work on /opt/airflow/dags/__init__.py
[2026-09-01T10:05:36.323+0000] {processor.py:830} INFO - Processing file /opt/airflow/dags/__init__.py for tasks to queue
[2026-09-01T10:05:36.326+0000] {logging_mixin.py:188} INFO - [2026-09-01T10:05:36.325+0000] {dagbag.py:545} INFO - Filling up the DagBag from /opt/airflow/dags/__init__.py
[2026-09-01T10:05:36.350+0000] {processor.py:842} WARNING - No viable dags retrieved from /opt/airflow/dags/__init__.py
[2026-09-01T10:05:36.402+0000] {processor.py:183} INFO - Processing /opt/airflow/dags/__init__.py took 0.097 seconds
[2026-09-01T10:06:07.390+0000] {processor.py:161} INFO - Started process (PID=318) to work on /opt/airflow/dags/__init__.py
[2026-09-01T10:06:07.392+0000] {processor.py:830} INFO - Processing file /opt/airflow/dags/__init__.py for tasks to queue
[2026-09-01T10:06:07.396+0000] {logging_mixin.py:188} INFO - [2026-09-01T10:06:07.395+0000] {dagbag.py:545} INFO - Filling up the DagBag from /opt/airflow/dags/__init__.py
[2026-09-01T10:06:07.418+0000] {processor.py:842} WARNING - No viable dags retrieved from /opt/airflow/dags/__init__.py
[2026-09-01T10:06:07.454+0000] {processor.py:183} INFO - Processing /opt/airflow/dags/__init__.py took 0.078 seconds
[2026-09-01T10:06:38.187+0000] {processor.py:161} INFO - Started process (PID=322) to work on /opt/airflow/dags/__init__.py
[2026-09-01T10:06:38.189+0000] {processor.py:830} INFO - Processing file /opt/airflow/dags/__init__.py for tasks to queue
[2026-09-01T10:06:38.192+0000] {logging_mixin.py:188} INFO - [2026-09-01T10:06:38.192+0000] {dagbag.py:545} INFO - Filling up the DagBag from /opt/airflow/dags/__init__.py
[2026-09-01T10:06:38.208+0000] {processor.py:842} WARNING - No viable dags retrieved from /opt/airflow/dags/__init__.py
[2026-09-01T10:06:38.237+0000] {processor.py:183} INFO - Processing /opt/airflow/dags/__init__.py took 0.062 seconds
[2026-09-01T10:07:08.739+0000] {processor.py:161} INFO - Started process (PID=326) to work on /opt/airflow/dags/__init__.py
[2026-09-01T10:07:08.741+0000] {processor.py:830} INFO - Processing file /opt/airflow/dags/__init__.py for tasks to queue
[2026-09-01T10:07:08.745+0000] {logging_mixin.py:188} INFO - [2026-09-01T10:07:08.744+0000] {dagbag.py:545} INFO - Filling up the DagBag from /opt/airflow/dags/__init__.py
[2026-09-01T10:07:08.765+0000] {processor.py:842} WARNING - No viable dags retrieved from /opt/airflow/dags/__init__.py
[2026-09-01T10:07:08.802+0000] {processor.py:183} INFO - Processing /opt/airflow/dags/__init__.py took 0.077 seconds
[2026-09-01T10:07:40.500+0000] {processor.py:161} INFO - Started process (PID=330) to work on /opt/airflow/dags/__init__.py
[2026-09-01T10:07:40.502+0000] {processor.py:830} INFO - Processing file /opt/airflow/dags/__init__.py for tasks to queue
[2026-09-01T10:07:40.505+0000] {logging_mixin.py:188} INFO - [2026-09-01T10:07:40.504+0000] {dagbag.py:545} INFO - Filling up the DagBag from /opt/airflow/dags/__init__.py
[2026-09-01T10:07:40.515+0000] {processor.py:842} WARNING - No viable dags retrieved from /opt/airflow/dags/__init__.py
[2026-09-01T10:07:40.535+0000] {processor.py:183} INFO - Processing /opt/airflow/dags/__init__.py took 0.043 seconds
[2026-09-01T10:08:11.926+0000] {processor.py:161} INFO - Started process (PID=334) to work on /opt/airflow/dags/__init__.py
[2026-09-01T10:08:11.928+0000] {processor.py:830} INFO - Processing file /opt/airflow/dags/__init__.py for tasks to queue
[2026-09-01T10:08:11.931+0000] {logging_mixin.py:188} INFO - [2026-09-01T10:08:11.931+0000] {dagbag.py:545} INFO - Filling up the DagBag from /opt/airflow/dags/__init__.py
[2026-09-01T10:08:11.954+0000] {processor.py:842} WARNING - No viable dags retrieved from /opt/airflow/dags/__init__.py
[2026-09-01T10:08:11.984+0000] {processor.py:183} INFO - Processing /opt/airflow/dags/__init__.py took 0.070 seconds
[2026-09-01T10:08:43.163+0000] {processor.py:161} INFO - Started process (PID=338) to work on /opt/airflow/dags/__init__.py
[2026-09-01T10:08:43.165+0000] {processor.py:830} INFO - Processing file /opt/airflow/dags/__init__.py for tasks to queue
[2026-09-01T10:08:43.168+0000] {logging_mixin.py:188} INFO - [2026-09-01T10:08:43.168+0000] {dagbag.py:545} INFO - Filling up the DagBag from /opt/airflow/dags/__init__.py
[2026-09-01T10:08:43.188+0000] {processor.py:842} WARNING - No viable dags retrieved from /opt/airflow/dags/__init__.py
[2026-09-01T10:08:43.252+0000] {processor.py:183} INFO - Processing /opt/airflow/dags/__init__.py took 0.101 seconds
[2026-09-01T10:09:14.206+0000] {processor.py:161} INFO - Started process (PID=342) to work on /opt/airflow/dags/__init__.py
[2026-09-01T10:09:14.208+0000] {processor.py:830} INFO - Processing file /opt/airflow/dags/__init__.py for tasks to queue
[2026-09-01T10:09:14.211+0000] {logging_mixin.py:188} INFO - [2026-09-01T10:09:14.210+0000] {dagbag.py:545} INFO - Filling up the DagBag from /opt/airflow/dags/__init__.py
[2026-09-01T10:09:14.223+0000] {processor.py:842} WARNING - No viable dags retrieved from /opt/airflow/dags/__init__.py
[2026-09-01T10:09:14.241+0000] {processor.py:183} INFO - Processing /opt/airflow/dags/__init__.py took 0.047 seconds
[2026-09-01T10:09:44.906+0000] {processor.py:161} INFO - Started process (PID=346) to work on /opt/airflow/dags/__init__.py
[2026-09-01T10:09:44.909+0000] {processor.py:830} INFO - Processing file /opt/airflow/dags/__init__.py for tasks to queue
[2026-09-01T10:09:44.913+0000] {logging_mixin.py:188} INFO - [2026-09-01T10:09:44.912+0000] {dagbag.py:545} INFO - Filling up the DagBag from /opt/airflow/dags/__init__.py
[2026-09-01T10:09:44.939+0000] {processor.py:842} WARNING - No viable dags retrieved from /opt/airflow/dags/__init__.py
[2026-09-01T10:09:44.974+0000] {processor.py:183} INFO - Processing /opt/airflow/dags/__init__.py took 0.086 seconds
[2026-09-01T10:10:16.001+0000] {processor.py:161} INFO - Started process (PID=350) to work on /opt/airflow/dags/__init__.py
[2026-09-01T10:10:16.004+0000] {processor.py:830} INFO - Processing file /opt/airflow/dags/__init__.py for tasks to queue
[2026-09-01T10:10:16.008+0000] {logging_mixin.py:188} INFO - [2026-09-01T10:10:16.007+0000] {dagbag.py:545} INFO - Filling up the DagBag from /opt/airflow/dags/__init__.py
[2026-09-01T10:10:16.030+0000] {processor.py:842} WARNING - No viable dags retrieved from /opt/airflow/dags/__init__.py
[2026-09-01T10:10:16.062+0000] {processor.py:183} INFO - Processing /opt/airflow/dags/__init__.py took 0.075 seconds
[2026-09-01T10:10:46.883+0000] {processor.py:161} INFO - Started process (PID=354) to work on /opt/airflow/dags/__init__.py
[2026-09-01T10:10:46.884+0000] {processor.py:830} INFO - Processing file /opt/airflow/dags/__init__.py for tasks to queue
[2026-09-01T10:10:46.886+0000] {logging_mixin.py:188} INFO - [2026-09-01T10:10:46.885+0000] {dagbag.py:545} INFO - Filling up the DagBag from /opt/airflow/dags/__init__.py
[2026-09-01T10:10:46.895+0000] {processor.py:842} WARNING - No viable dags retrieved from /opt/airflow/dags/__init__.py
[2026-09-01T10:10:46.922+0000] {processor.py:183} INFO - Processing /opt/airflow/dags/__init__.py took 0.050 seconds
[2026-09-01T10:11:18.090+0000] {processor.py:161} INFO - Started process (PID=358) to work on /opt/airflow/dags/__init__.py
[2026-09-01T10:11:18.092+0000] {processor.py:830} INFO - Processing file /opt/airflow/dags/__init__.py for tasks to queue
[2026-09-01T10:11:18.095+0000] {logging_mixin.py:188} INFO - [2026-09-01T10:11:18.095+0000] {dagbag.py:545} INFO - Filling up the DagBag from /opt/airflow/dags/__init__.py
[2026-09-01T10:11:18.116+0000] {processor.py:842} WARNING - No viable dags retrieved from /opt/airflow/dags/__init__.py
[2026-09-01T10:11:18.149+0000] {processor.py:183} INFO - Processing /opt/airflow/dags/__init__.py took 0.072 seconds
[2026-09-01T10:11:48.893+0000] {processor.py:161} INFO - Started process (PID=362) to work on /opt/airflow/dags/__init__.py
[2026-09-01T10:11:48.895+0000] {processor.py:830} INFO - Processing file /opt/airflow/dags/__init__.py for tasks to queue
[2026-09-01T10:11:48.898+0000] {logging_mixin.py:188} INFO - [2026-09-01T10:11:48.897+0000] {dagbag.py:545} INFO - Filling up the DagBag from /opt/airflow/dags/__init__.py
[2026-09-01T10:11:48.915+0000] {processor.py:842} WARNING - No viable dags retrieved from /opt/airflow/dags/__init__.py
[2026-09-01T10:11:48.940+0000] {processor.py:183} INFO - Processing /opt/airflow/dags/__init__.py took 0.058 seconds
[2026-09-01T10:12:19.994+0000] {processor.py:161} INFO - Started process (PID=366) to work on /opt/airflow/dags/__init__.py
[2026-09-01T10:12:19.995+0000] {processor.py:830} INFO - Processing file /opt/airflow/dags/__init__.py for tasks to queue
[2026-09-01T10:12:19.999+0000] {logging_mixin.py:188} INFO - [2026-09-01T10:12:19.998+0000] {dagbag.py:545} INFO - Filling up the DagBag from /opt/airflow/dags/__init__.py
[2026-09-01T10:12:20.015+0000] {processor.py:842} WARNING - No viable dags retrieved from /opt/airflow/dags/__init__.py
[2026-09-01T10:12:20.044+0000] {processor.py:183} INFO - Processing /opt/airflow/dags/__init__.py took 0.063 seconds
[2026-09-01T10:12:50.522+0000] {processor.py:161} INFO - Started process (PID=370) to work on /opt/airflow/dags/__init__.py
[2026-09-01T10:12:50.524+0000] {processor.py:830} INFO - Processing file /opt/airflow/dags/__init__.py for tasks to queue
[2026-09-01T10:12:50.527+0000] {logging_mixin.py:188} INFO - [2026-09-01T10:12:50.527+0000] {dagbag.py:545} INFO - Filling up the DagBag from /opt/airflow/dags/__init__.py
[2026-09-01T10:12:50.553+0000] {processor.py:842} WARNING - No viable dags retrieved from /opt/airflow/dags/__init__.py
[2026-09-01T10:12:50.588+0000] {processor.py:183} INFO - Processing /opt/airflow/dags/__init__.py took 0.079 seconds
[2026-09-01T10:13:21.676+0000] {processor.py:161} INFO - Started process (PID=374) to work on /opt/airflow/dags/__init__.py
[2026-09-01T10:13:21.678+0000] {processor.py:830} INFO - Processing file /opt/airflow/dags/__init__.py for tasks to queue
[2026-09-01T10:13:21.681+0000] {logging_mixin.py:188} INFO - [2026-09-01T10:13:21.681+0000] {dagbag.py:545} INFO - Filling up the DagBag from /opt/airflow/dags/__init__.py
[2026-09-01T10:13:21.700+0000] {processor.py:842} WARNING - No viable dags retrieved from /opt/airflow/dags/__init__.py
[2026-09-01T10:13:21.728+0000] {processor.py:183} INFO - Processing /opt/airflow/dags/__init__.py took 0.064 seconds
[2026-09-01T10:13:52.326+0000] {processor.py:161} INFO - Started process (PID=378) to work on /opt/airflow/dags/__init__.py
[2026-09-01T10:13:52.329+0000] {processor.py:830} INFO - Processing file /opt/airflow/dags/__init__.py for tasks to queue
[2026-09-01T10:13:52.333+0000] {logging_mixin.py:188} INFO - [2026-09-01T10:13:52.332+0000] {dagbag.py:545} INFO - Filling up the DagBag from /opt/airflow/dags/__init__.py
[2026-09-01T10:13:52.378+0000] {processor.py:842} WARNING - No viable dags retrieved from /opt/airflow/dags/__init__.py
[2026-09-01T10:13:52.421+0000] {processor.py:183} INFO - Processing /opt/airflow/dags/__init__.py took 0.110 seconds
[2026-09-01T10:14:22.750+0000] {processor.py:161} INFO - Started process (PID=382) to work on /opt/airflow/dags/__init__.py
[2026-09-01T10:14:22.752+0000] {processor.py:830} INFO - Processing file /opt/airflow/dags/__init__.py for tasks to queue
[2026-09-01T10:14:22.756+0000] {logging_mixin.py:188} INFO - [2026-09-01T10:14:22.755+0000] {dagbag.py:545} INFO - Filling up the DagBag from /opt/airflow/dags/__init__.py
[2026-09-01T10:14:22.782+0000] {processor.py:842} WARNING - No viable dags retrieved from /opt/airflow/dags/__init__.py
[2026-09-01T10:14:22.814+0000] {processor.py:183} INFO - Processing /opt/airflow/dags/__init__.py took 0.078 seconds
[2026-09-01T10:14:53.634+0000] {processor.py:161} INFO - Started process (PID=386) to work on /opt/airflow/dags/__init__.py
[2026-09-01T10:14:53.636+0000] {processor.py:830} INFO - Processing file /opt/airflow/dags/__init__.py for tasks to queue
[2026-09-01T10:14:53.640+0000] {logging_mixin.py:188} INFO - [2026-09-01T10:14:53.639+0000] {dagbag.py:545} INFO - Filling up the DagBag from /opt/airflow/dags/__init__.py
[2026-09-01T10:14:53.661+0000] {processor.py:842} WARNING - No viable dags retrieved from /opt/airflow/dags/__init__.py
[2026-09-01T10:14:53.698+0000] {processor.py:183} INFO - Processing /opt/airflow/dags/__init__.py took 0.077 seconds
[2026-09-01T10:15:24.164+0000] {processor.py:161} INFO - Started process (PID=390) to work on /opt/airflow/dags/__init__.py
[2026-09-01T10:15:24.165+0000] {processor.py:830} INFO - Processing file /opt/airflow/dags/__init__.py for tasks to queue
[2026-09-01T10:15:24.167+0000] {logging_mixin.py:188} INFO - [2026-09-01T10:15:24.167+0000] {dagbag.py:545} INFO - Filling up the DagBag from /opt/airflow/dags/__init__.py
[2026-09-01T10:15:24.181+0000] {processor.py:842} WARNING - No viable dags retrieved from /opt/airflow/dags/__init__.py
[2026-09-01T10:15:24.203+0000] {processor.py:183} INFO - Processing /opt/airflow/dags/__init__.py took 0.047 seconds
[2026-09-01T10:15:54.654+0000] {processor.py:161} INFO - Started process (PID=394) to work on /opt/airflow/dags/__init__.py
[2026-09-01T10:15:54.656+0000] {processor.py:830} INFO - Processing file /opt/airflow/dags/__init__.py for tasks to queue
[2026-09-01T10:15:54.660+0000] {logging_mixin.py:188} INFO - [2026-09-01T10:15:54.659+0000] {dagbag.py:545} INFO - Filling up the DagBag from /opt/airflow/dags/__init__.py
[2026-09-01T10:15:54.678+0000] {processor.py:842} WARNING - No viable dags retrieved from /opt/airflow/dags/__init__.py
[2026-09-01T10:15:54.715+0000] {processor.py:183} INFO - Processing /opt/airflow/dags/__init__.py took 0.081 seconds
[2026-09-01T10:16:25.973+0000] {processor.py:161} INFO - Started process (PID=398) to work on /opt/airflow/dags/__init__.py
[2026-09-01T10:16:25.975+0000] {processor.py:830} INFO - Processing file /opt/airflow/dags/__init__.py for tasks to queue
[2026-09-01T10:16:25.978+0000] {logging_mixin.py:188} INFO - [2026-09-01T10:16:25.978+0000] {dagbag.py:545} INFO - Filling up the DagBag from /opt/airflow/dags/__init__.py
[2026-09-01T10:16:26.002+0000] {processor.py:842} WARNING - No viable dags retrieved from /opt/airflow/dags/__init__.py
[2026-09-01T10:16:26.030+0000] {processor.py:183} INFO - Processing /opt/airflow/dags/__init__.py took 0.071 seconds
[2026-09-01T10:16:56.793+0000] {processor.py:161} INFO - Started process (PID=402) to work on /opt/airflow/dags/__init__.py
[2026-09-01T10:16:56.794+0000] {processor.py:830} INFO - Processing file /opt/airflow/dags/__init__.py for tasks to queue
[2026-09-01T10:16:56.796+0000] {logging_mixin.py:188} INFO - [2026-09-01T10:16:56.795+0000] {dagbag.py:545} INFO - Filling up the DagBag from /opt/airflow/dags/__init__.py
[2026-09-01T10:16:56.803+0000] {processor.py:842} WARNING - No viable dags retrieved from /opt/airflow/dags/__init__.py
[2026-09-01T10:16:56.825+0000] {processor.py:183} INFO - Processing /opt/airflow/dags/__init__.py took 0.039 seconds
[2026-09-01T10:17:27.780+0000] {processor.py:161} INFO - Started process (PID=406) to work on /opt/airflow/dags/__init__.py
[2026-09-01T10:17:27.783+0000] {processor.py:830} INFO - Processing file /opt/airflow/dags/__init__.py for tasks to queue
[2026-09-01T10:17:27.788+0000] {logging_mixin.py:188} INFO - [2026-09-01T10:17:27.787+0000] {dagbag.py:545} INFO - Filling up the DagBag from /opt/airflow/dags/__init__.py
[2026-09-01T10:17:27.814+0000] {processor.py:842} WARNING - No viable dags retrieved from /opt/airflow/dags/__init__.py
[2026-09-01T10:17:27.868+0000] {processor.py:183} INFO - Processing /opt/airflow/dags/__init__.py took 0.104 seconds
[2026-09-01T10:17:58.460+0000] {processor.py:161} INFO - Started process (PID=410) to work on /opt/airflow/dags/__init__.py
[2026-09-01T10:17:58.462+0000] {processor.py:830} INFO - Processing file /opt/airflow/dags/__init__.py for tasks to queue
[2026-09-01T10:17:58.465+0000] {logging_mixin.py:188} INFO - [2026-09-01T10:17:58.464+0000] {dagbag.py:545} INFO - Filling up the DagBag from /opt/airflow/dags/__init__.py
[2026-09-01T10:17:58.486+0000] {processor.py:842} WARNING - No viable dags retrieved from /opt/airflow/dags/__init__.py
[2026-09-01T10:17:58.528+0000] {processor.py:183} INFO - Processing /opt/airflow/dags/__init__.py took 0.081 seconds
[2026-09-01T10:18:29.326+0000] {processor.py:161} INFO - Started process (PID=414) to work on /opt/airflow/dags/__init__.py
[2026-09-01T10:18:29.328+0000] {processor.py:830} INFO - Processing file /opt/airflow/dags/__init__.py for tasks to queue
[2026-09-01T10:18:29.330+0000] {logging_mixin.py:188} INFO - [2026-09-01T10:18:29.330+0000] {dagbag.py:545} INFO - Filling up the DagBag from /opt/airflow/dags/__init__.py
[2026-09-01T10:18:29.340+0000] {processor.py:842} WARNING - No viable dags retrieved from /opt/airflow/dags/__init__.py
[2026-09-01T10:18:29.356+0000] {processor.py:183} INFO - Processing /opt/airflow/dags/__init__.py took 0.038 seconds
